s
aborigenes
academicas
academicos
acepciones
acrosticos
acunaremos
acunasteis
acunabamos
acunaramos
acunasemos
acuñaremos
acuñasteis
acuñabamos
acuñaramos
acuñasemos
aerolineas
agraristas
agudisimas
agudisimos
aguerridas
aguerridos
ahorristas
aleatorias
aleatorios
alfeñiques
almirantes
alquimicas
alquimicos
altruistas
amanuenses
americanas
americanos
anacoretas
andalusies
anhidridos
animalitos
anseaticas
antebrazos
anteojeros
antarticas
antarticos
apodadoras
apodadores
apruinosas
apruinosos
apurabamos
aquelarres
argentinas
argentinos
armoniosas
armoniosos
aromaticas
aromaticos
arribistas
asentistas
asistentes
asperrimas
asperrimos
asteroides
asturianas
asturianos
atenienses
austriacas
austriacos
autopistas
autografos
bahreinies
balleneras
banderines
baquetazos
barometros
beatificas
beatificos
bellisimas
bellisimos
besariamos
birladoras
birladores
bolivianas
bolivianos
boligrafos
borbonicas
borbonicos
borceguies
botariamos
boyacenses
brasileras
brasileros
brasileñas
brasileños
brazaletes
britanicas
britanicos
brumadoras
brumadores
bursatiles
caballitos
cachemiris
cajoncitos
calcetines
campestres
campanulas
camandulas
cantinelas
cantabamos
capitanees
caraqueñas
caraqueños
cardumenes
cargadores
carnavales
carambanos
cascaduras
casoplones
castristas
catariamos
cecografos
centesimas
centesimos
cesarenses
chiricanas
chiricanos
chocadoras
chocadores
chorraeras
cigüeñatos
cincharais
ciudadanas
ciudadanos
clarinetes
claviculas
clepsidras
cocodrilos
codornices
coherentes
colectivas
colectivos
colmenares
comadrejas
compañones
comunistas
congoleñas
congoleños
conquistas
consejeras
consejeros
contabamos
cortabamos
cosmeticas
cosmeticos
craticulas
cremonesas
cremoneses
criadillas
criminales
crisalidas
crustaceos